../Core/Src/main.c:158:5:main	48	static
../Core/Src/main.c:259:6:SystemClock_Config	88	static
../Core/Src/main.c:316:6:PeriphCommonClock_Config	144	static
../Core/Src/main.c:344:13:MX_ADC3_Init	24	static
../Core/Src/main.c:396:13:MX_CRC_Init	8	static
../Core/Src/main.c:427:13:MX_DCMI_Init	8	static
../Core/Src/main.c:464:13:MX_DMA2D_Init	8	static
../Core/Src/main.c:501:13:MX_ETH_Init	8	static
../Core/Src/main.c:550:13:MX_I2C1_Init	8	static
../Core/Src/main.c:598:13:MX_I2C3_Init	8	static
../Core/Src/main.c:646:13:MX_LTDC_Init	64	static
../Core/Src/main.c:708:13:MX_QUADSPI_Init	8	static
../Core/Src/main.c:743:13:MX_RTC_Init	72	static
../Core/Src/main.c:839:13:MX_SAI2_Init	8	static
../Core/Src/main.c:914:13:MX_SDMMC1_SD_Init	4	static
../Core/Src/main.c:942:13:MX_SPDIFRX_Init	8	static
../Core/Src/main.c:978:13:MX_SPI2_Init	8	static
../Core/Src/main.c:1018:13:MX_TIM1_Init	112	static
../Core/Src/main.c:1098:13:MX_TIM2_Init	64	static
../Core/Src/main.c:1157:13:MX_TIM3_Init	64	static
../Core/Src/main.c:1216:13:MX_TIM5_Init	64	static
../Core/Src/main.c:1275:13:MX_TIM8_Init	40	static
../Core/Src/main.c:1322:13:MX_TIM12_Init	40	static
../Core/Src/main.c:1364:13:MX_USART1_UART_Init	8	static
../Core/Src/main.c:1399:13:MX_USART6_UART_Init	8	static
../Core/Src/main.c:1430:13:MX_FMC_Init	40	static
../Core/Src/main.c:1481:13:MX_GPIO_Init	72	static
../Core/Src/main.c:1652:6:StartDefaultTask	16	static
../Core/Src/main.c:1684:6:HAL_TIM_PeriodElapsedCallback	16	static
../Core/Src/main.c:1702:6:Error_Handler	4	static,ignoring_inline_asm
